[     123ms] [INFO] %cDownload the React DevTools for a better development experience: https://react.dev/link/react-devtools font-weight:bold @ http://localhost:3001/_next/static/chunks/0ax6_next_dist_11_u4wv._.js:2477
[     146ms] [LOG] [HMR] connected @ http://localhost:3001/_next/static/chunks/0ax6_next_dist_11_u4wv._.js:2477
[    4244ms] [LOG] [Fast Refresh] rebuilding @ http://localhost:3001/_next/static/chunks/0ax6_next_dist_11_u4wv._.js:2477
[    4268ms] [LOG] [Fast Refresh] done in 124ms @ http://localhost:3001/_next/static/chunks/0ax6_next_dist_11_u4wv._.js:2477
[   80568ms] [LOG] [Fast Refresh] rebuilding @ http://localhost:3001/_next/static/chunks/0ax6_next_dist_11_u4wv._.js:2477
[   80677ms] [LOG] [Fast Refresh] done in 74ms @ http://localhost:3001/_next/static/chunks/0ax6_next_dist_11_u4wv._.js:2477
[  285144ms] [LOG] [Fast Refresh] rebuilding @ http://localhost:3001/_next/static/chunks/0ax6_next_dist_11_u4wv._.js:2477
[  285182ms] [LOG] [Fast Refresh] done in 53ms @ http://localhost:3001/_next/static/chunks/0ax6_next_dist_11_u4wv._.js:2477
[  290040ms] [LOG] [Fast Refresh] rebuilding @ http://localhost:3001/_next/static/chunks/0ax6_next_dist_11_u4wv._.js:2477
[  290096ms] [LOG] [Fast Refresh] done in 157ms @ http://localhost:3001/_next/static/chunks/0ax6_next_dist_11_u4wv._.js:2477
[  291644ms] [LOG] [Fast Refresh] rebuilding @ http://localhost:3001/_next/static/chunks/0ax6_next_dist_11_u4wv._.js:2477
[  291685ms] [LOG] [Fast Refresh] done in 116ms @ http://localhost:3001/_next/static/chunks/0ax6_next_dist_11_u4wv._.js:2477
[  291792ms] [LOG] [Fast Refresh] rebuilding @ http://localhost:3001/_next/static/chunks/0ax6_next_dist_11_u4wv._.js:2477
[  291878ms] [LOG] [Fast Refresh] done in 191ms @ http://localhost:3001/_next/static/chunks/0ax6_next_dist_11_u4wv._.js:2477
[  298749ms] [LOG] [Fast Refresh] rebuilding @ http://localhost:3001/_next/static/chunks/0ax6_next_dist_11_u4wv._.js:2477
[  298857ms] [LOG] [Fast Refresh] done in 161ms @ http://localhost:3001/_next/static/chunks/0ax6_next_dist_11_u4wv._.js:2477
[  303885ms] [LOG] [Fast Refresh] rebuilding @ http://localhost:3001/_next/static/chunks/0ax6_next_dist_11_u4wv._.js:2477
[  303944ms] [LOG] [Fast Refresh] done in 89ms @ http://localhost:3001/_next/static/chunks/0ax6_next_dist_11_u4wv._.js:2477
[  304047ms] [LOG] [Fast Refresh] rebuilding @ http://localhost:3001/_next/static/chunks/0ax6_next_dist_11_u4wv._.js:2477
[  304048ms] [LOG] [Fast Refresh] done in 102ms @ http://localhost:3001/_next/static/chunks/0ax6_next_dist_11_u4wv._.js:2477
[  304391ms] [LOG] [Fast Refresh] rebuilding @ http://localhost:3001/_next/static/chunks/0ax6_next_dist_11_u4wv._.js:2477
[  304419ms] [LOG] [Fast Refresh] done in 130ms @ http://localhost:3001/_next/static/chunks/0ax6_next_dist_11_u4wv._.js:2477
[  312490ms] [LOG] [Fast Refresh] rebuilding @ http://localhost:3001/_next/static/chunks/0ax6_next_dist_11_u4wv._.js:2477
[  312663ms] [LOG] [Fast Refresh] done in 202ms @ http://localhost:3001/_next/static/chunks/0ax6_next_dist_11_u4wv._.js:2477
[  312765ms] [LOG] [Fast Refresh] rebuilding @ http://localhost:3001/_next/static/chunks/0ax6_next_dist_11_u4wv._.js:2477
[  312774ms] [LOG] [Fast Refresh] done in 110ms @ http://localhost:3001/_next/static/chunks/0ax6_next_dist_11_u4wv._.js:2477
[  313106ms] [LOG] [Fast Refresh] rebuilding @ http://localhost:3001/_next/static/chunks/0ax6_next_dist_11_u4wv._.js:2477
[  313118ms] [LOG] [Fast Refresh] done in 117ms @ http://localhost:3001/_next/static/chunks/0ax6_next_dist_11_u4wv._.js:2477
[  313293ms] [LOG] [Fast Refresh] rebuilding @ http://localhost:3001/_next/static/chunks/0ax6_next_dist_11_u4wv._.js:2477
[  313313ms] [LOG] [Fast Refresh] done in 119ms @ http://localhost:3001/_next/static/chunks/0ax6_next_dist_11_u4wv._.js:2477
[  319181ms] [LOG] [Fast Refresh] rebuilding @ http://localhost:3001/_next/static/chunks/0ax6_next_dist_11_u4wv._.js:2477
[  319286ms] [LOG] [Fast Refresh] done in 60ms @ http://localhost:3001/_next/static/chunks/0ax6_next_dist_11_u4wv._.js:2477
